TLC2 Version 2.19 of 08 August 2024 (rev: 5a47802)
Running breadth-first search Model-Checking with fp 31 and seed -6442519735576963783 with 10 workers on 10 cores with 14564MB heap and 64MB offheap memory [pid: 91837] (Mac OS X 14.5 aarch64, Homebrew 17.0.19 x86_64, MSBDiskFPSet, DiskStateQueue).
Parsing file /Users/mariogarrido/taskboard/formal/tla/AgentLifecycle.tla
Parsing file /private/var/folders/cz/_lh4d7h151zg6qwyqggqjyl80000gn/T/Naturals.tla
Parsing file /private/var/folders/cz/_lh4d7h151zg6qwyqggqjyl80000gn/T/Sequences.tla
Parsing file /private/var/folders/cz/_lh4d7h151zg6qwyqggqjyl80000gn/T/TLC.tla
Parsing file /private/var/folders/cz/_lh4d7h151zg6qwyqggqjyl80000gn/T/FiniteSets.tla
Semantic processing of module Naturals
Semantic processing of module Sequences
Semantic processing of module FiniteSets
Semantic processing of module TLC
Semantic processing of module AgentLifecycle
Starting... (2026-09-28 06:23:11)
Implied-temporal checking--satisfiability problem has 1 branches.
Computing initial states...
Finished computing initial states: 1 distinct state generated at 2026-09-28 06:23:11.
Progress(17) at 2026-09-28 06:23:11: 426 states generated, 175 distinct states found, 0 states left on queue.
Checking temporal properties for the complete state space with 175 total distinct states at (2026-09-28 06:23:11)
Error: Temporal properties were violated.

Error: The following behavior constitutes a counter-example:

State 1: <Initial predicate>
/\ proc = "idle"
/\ restartWD = FALSE
/\ trSeen = FALSE
/\ requests = 0
/\ moved = FALSE
/\ moveWD = FALSE
/\ faults = 0
/\ ctlGen = 0
/\ settingsStale = FALSE
/\ asks = 0
/\ prompts = 0
/\ badKill = "none"
/\ exits = 0
/\ hookQ = <<>>
/\ tr = "finished"
/\ crashes = 0
/\ rateOK = TRUE
/\ changes = 0
/\ status = "idle"
/\ srvUp = TRUE

State 2: <Prompt line 129, col 3 to line 133, col 151 of module AgentLifecycle>
/\ proc = "turn"
/\ restartWD = FALSE
/\ trSeen = FALSE
/\ requests = 0
/\ moved = FALSE
/\ moveWD = FALSE
/\ faults = 0
/\ ctlGen = 0
/\ settingsStale = FALSE
/\ asks = 0
/\ prompts = 1
/\ badKill = "none"
/\ exits = 0
/\ hookQ = <<"UPS">>
/\ tr = "finished"
/\ crashes = 0
/\ rateOK = TRUE
/\ changes = 0
/\ status = "idle"
/\ srvUp = TRUE

State 3: <Deliver line 179, col 3 to line 188, col 170 of module AgentLifecycle>
/\ proc = "turn"
/\ restartWD = FALSE
/\ trSeen = FALSE
/\ requests = 0
/\ moved = FALSE
/\ moveWD = FALSE
/\ faults = 0
/\ ctlGen = 0
/\ settingsStale = FALSE
/\ asks = 0
/\ prompts = 1
/\ badKill = "none"
/\ exits = 0
/\ hookQ = <<>>
/\ tr = "finished"
/\ crashes = 0
/\ rateOK = TRUE
/\ changes = 0
/\ status = "working"
/\ srvUp = TRUE

State 4: <FinishTurn line 150, col 3 to line 153, col 168 of module AgentLifecycle>
/\ proc = "idle"
/\ restartWD = FALSE
/\ trSeen = FALSE
/\ requests = 0
/\ moved = FALSE
/\ moveWD = FALSE
/\ faults = 0
/\ ctlGen = 0
/\ settingsStale = FALSE
/\ asks = 0
/\ prompts = 1
/\ badKill = "none"
/\ exits = 0
/\ hookQ = <<"Stop">>
/\ tr = "finished"
/\ crashes = 0
/\ rateOK = TRUE
/\ changes = 0
/\ status = "working"
/\ srvUp = TRUE

State 5: <Deliver line 179, col 3 to line 188, col 170 of module AgentLifecycle>
/\ proc = "idle"
/\ restartWD = FALSE
/\ trSeen = FALSE
/\ requests = 0
/\ moved = FALSE
/\ moveWD = FALSE
/\ faults = 0
/\ ctlGen = 0
/\ settingsStale = FALSE
/\ asks = 0
/\ prompts = 1
/\ badKill = "none"
/\ exits = 0
/\ hookQ = <<>>
/\ tr = "finished"
/\ crashes = 0
/\ rateOK = TRUE
/\ changes = 0
/\ status = "idle"
/\ srvUp = TRUE

State 6: <Prompt line 129, col 3 to line 133, col 151 of module AgentLifecycle>
/\ proc = "turn"
/\ restartWD = FALSE
/\ trSeen = FALSE
/\ requests = 0
/\ moved = FALSE
/\ moveWD = FALSE
/\ faults = 0
/\ ctlGen = 0
/\ settingsStale = FALSE
/\ asks = 0
/\ prompts = 2
/\ badKill = "none"
/\ exits = 0
/\ hookQ = <<"UPS">>
/\ tr = "finished"
/\ crashes = 0
/\ rateOK = TRUE
/\ changes = 0
/\ status = "idle"
/\ srvUp = TRUE

State 7: <Deliver line 179, col 3 to line 188, col 170 of module AgentLifecycle>
/\ proc = "turn"
/\ restartWD = FALSE
/\ trSeen = FALSE
/\ requests = 0
/\ moved = FALSE
/\ moveWD = FALSE
/\ faults = 0
/\ ctlGen = 0
/\ settingsStale = FALSE
/\ asks = 0
/\ prompts = 2
/\ badKill = "none"
/\ exits = 0
/\ hookQ = <<>>
/\ tr = "finished"
/\ crashes = 0
/\ rateOK = TRUE
/\ changes = 0
/\ status = "working"
/\ srvUp = TRUE

State 8: <AskApproval line 140, col 3 to line 143, col 162 of module AgentLifecycle>
/\ proc = "approval"
/\ restartWD = FALSE
/\ trSeen = FALSE
/\ requests = 0
/\ moved = FALSE
/\ moveWD = FALSE
/\ faults = 0
/\ ctlGen = 0
/\ settingsStale = FALSE
/\ asks = 1
/\ prompts = 2
/\ badKill = "none"
/\ exits = 0
/\ hookQ = <<"Perm">>
/\ tr = "finished"
/\ crashes = 0
/\ rateOK = TRUE
/\ changes = 0
/\ status = "working"
/\ srvUp = TRUE

State 9: <Reconcile line 271, col 3 to line 276, col 78 of module AgentLifecycle>
/\ proc = "idle"
/\ restartWD = FALSE
/\ trSeen = FALSE
/\ requests = 0
/\ moved = FALSE
/\ moveWD = FALSE
/\ faults = 0
/\ ctlGen = 1
/\ settingsStale = FALSE
/\ asks = 1
/\ prompts = 2
/\ badKill = "listing"
/\ exits = 0
/\ hookQ = <<>>
/\ tr = "finished"
/\ crashes = 0
/\ rateOK = FALSE
/\ changes = 0
/\ status = "idle"
/\ srvUp = TRUE

State 10: <Tick line 225, col 3 to line 226, col 173 of module AgentLifecycle>
/\ proc = "idle"
/\ restartWD = FALSE
/\ trSeen = FALSE
/\ requests = 0
/\ moved = FALSE
/\ moveWD = FALSE
/\ faults = 0
/\ ctlGen = 1
/\ settingsStale = FALSE
/\ asks = 1
/\ prompts = 2
/\ badKill = "listing"
/\ exits = 0
/\ hookQ = <<>>
/\ tr = "finished"
/\ crashes = 0
/\ rateOK = TRUE
/\ changes = 0
/\ status = "idle"
/\ srvUp = TRUE

State 11: <Reconcile line 271, col 3 to line 276, col 78 of module AgentLifecycle>
/\ proc = "idle"
/\ restartWD = FALSE
/\ trSeen = FALSE
/\ requests = 0
/\ moved = FALSE
/\ moveWD = FALSE
/\ faults = 0
/\ ctlGen = 0
/\ settingsStale = FALSE
/\ asks = 1
/\ prompts = 2
/\ badKill = "listing"
/\ exits = 0
/\ hookQ = <<>>
/\ tr = "finished"
/\ crashes = 0
/\ rateOK = FALSE
/\ changes = 0
/\ status = "idle"
/\ srvUp = TRUE

State 12: <Tick line 225, col 3 to line 226, col 173 of module AgentLifecycle>
/\ proc = "idle"
/\ restartWD = FALSE
/\ trSeen = FALSE
/\ requests = 0
/\ moved = FALSE
/\ moveWD = FALSE
/\ faults = 0
/\ ctlGen = 0
/\ settingsStale = FALSE
/\ asks = 1
/\ prompts = 2
/\ badKill = "listing"
/\ exits = 0
/\ hookQ = <<>>
/\ tr = "finished"
/\ crashes = 0
/\ rateOK = TRUE
/\ changes = 0
/\ status = "idle"
/\ srvUp = TRUE

Back to state 9: <Reconcile line 271, col 3 to line 276, col 78 of module AgentLifecycle>

Finished checking temporal properties in 00s at 2026-09-28 06:23:11
426 states generated, 175 distinct states found, 0 states left on queue.
Finished in 00s at (2026-09-28 06:23:11)
