TLC2 Version 2.19 of 08 August 2024 (rev: 5a47802)
Running breadth-first search Model-Checking with fp 90 and seed 6034968988756146349 with 10 workers on 10 cores with 14564MB heap and 64MB offheap memory [pid: 91757] (Mac OS X 14.5 aarch64, Homebrew 17.0.19 x86_64, MSBDiskFPSet, DiskStateQueue).
Parsing file /Users/mariogarrido/taskboard/formal/tla/AgentLifecycle.tla
Parsing file /private/var/folders/cz/_lh4d7h151zg6qwyqggqjyl80000gn/T/Naturals.tla
Parsing file /private/var/folders/cz/_lh4d7h151zg6qwyqggqjyl80000gn/T/Sequences.tla
Parsing file /private/var/folders/cz/_lh4d7h151zg6qwyqggqjyl80000gn/T/TLC.tla
Parsing file /private/var/folders/cz/_lh4d7h151zg6qwyqggqjyl80000gn/T/FiniteSets.tla
Semantic processing of module Naturals
Semantic processing of module Sequences
Semantic processing of module FiniteSets
Semantic processing of module TLC
Semantic processing of module AgentLifecycle
Starting... (2026-09-28 06:23:07)
Implied-temporal checking--satisfiability problem has 1 branches.
Computing initial states...
Finished computing initial states: 1 distinct state generated at 2026-09-28 06:23:07.
Progress(21) at 2026-09-28 06:23:07: 3,923 states generated, 1,080 distinct states found, 0 states left on queue.
Checking temporal properties for the complete state space with 1080 total distinct states at (2026-09-28 06:23:07)
Error: Temporal properties were violated.

Error: The following behavior constitutes a counter-example:

State 1: <Initial predicate>
/\ proc = "idle"
/\ restartWD = FALSE
/\ trSeen = FALSE
/\ requests = 0
/\ moved = FALSE
/\ moveWD = FALSE
/\ faults = 0
/\ ctlGen = 0
/\ settingsStale = FALSE
/\ asks = 0
/\ prompts = 0
/\ badKill = "none"
/\ exits = 0
/\ hookQ = <<>>
/\ tr = "finished"
/\ crashes = 0
/\ rateOK = TRUE
/\ changes = 0
/\ status = "idle"
/\ srvUp = TRUE

State 2: <ServerCrash line 193, col 3 to line 195, col 165 of module AgentLifecycle>
/\ proc = "idle"
/\ restartWD = FALSE
/\ trSeen = FALSE
/\ requests = 0
/\ moved = FALSE
/\ moveWD = FALSE
/\ faults = 0
/\ ctlGen = 0
/\ settingsStale = FALSE
/\ asks = 0
/\ prompts = 0
/\ badKill = "none"
/\ exits = 0
/\ hookQ = <<>>
/\ tr = "finished"
/\ crashes = 1
/\ rateOK = TRUE
/\ changes = 0
/\ status = "idle"
/\ srvUp = FALSE

State 3: <Prompt line 129, col 3 to line 133, col 151 of module AgentLifecycle>
/\ proc = "turn"
/\ restartWD = FALSE
/\ trSeen = FALSE
/\ requests = 0
/\ moved = FALSE
/\ moveWD = FALSE
/\ faults = 0
/\ ctlGen = 0
/\ settingsStale = FALSE
/\ asks = 0
/\ prompts = 1
/\ badKill = "none"
/\ exits = 0
/\ hookQ = <<"UPS">>
/\ tr = "finished"
/\ crashes = 1
/\ rateOK = TRUE
/\ changes = 0
/\ status = "idle"
/\ srvUp = FALSE

State 4: <ServerBoot line 217, col 3 to line 221, col 97 of module AgentLifecycle>
/\ proc = "turn"
/\ restartWD = FALSE
/\ trSeen = FALSE
/\ requests = 0
/\ moved = FALSE
/\ moveWD = FALSE
/\ faults = 0
/\ ctlGen = 0
/\ settingsStale = FALSE
/\ asks = 0
/\ prompts = 1
/\ badKill = "none"
/\ exits = 0
/\ hookQ = <<"UPS">>
/\ tr = "finished"
/\ crashes = 1
/\ rateOK = FALSE
/\ changes = 0
/\ status = "idle"
/\ srvUp = TRUE

State 5: <Deliver line 179, col 3 to line 188, col 170 of module AgentLifecycle>
/\ proc = "turn"
/\ restartWD = FALSE
/\ trSeen = FALSE
/\ requests = 0
/\ moved = FALSE
/\ moveWD = FALSE
/\ faults = 0
/\ ctlGen = 0
/\ settingsStale = FALSE
/\ asks = 0
/\ prompts = 1
/\ badKill = "none"
/\ exits = 0
/\ hookQ = <<>>
/\ tr = "finished"
/\ crashes = 1
/\ rateOK = FALSE
/\ changes = 0
/\ status = "working"
/\ srvUp = TRUE

State 6: <ChangeSettings line 304, col 3 to line 306, col 157 of module AgentLifecycle>
/\ proc = "turn"
/\ restartWD = FALSE
/\ trSeen = FALSE
/\ requests = 0
/\ moved = FALSE
/\ moveWD = FALSE
/\ faults = 0
/\ ctlGen = 0
/\ settingsStale = TRUE
/\ asks = 0
/\ prompts = 1
/\ badKill = "none"
/\ exits = 0
/\ hookQ = <<>>
/\ tr = "finished"
/\ crashes = 1
/\ rateOK = FALSE
/\ changes = 1
/\ status = "working"
/\ srvUp = TRUE

State 7: <AgentExits line 155, col 3 to line 157, col 161 of module AgentLifecycle>
/\ proc = "exited"
/\ restartWD = FALSE
/\ trSeen = FALSE
/\ requests = 0
/\ moved = FALSE
/\ moveWD = FALSE
/\ faults = 0
/\ ctlGen = 0
/\ settingsStale = TRUE
/\ asks = 0
/\ prompts = 1
/\ badKill = "none"
/\ exits = 1
/\ hookQ = <<>>
/\ tr = "finished"
/\ crashes = 1
/\ rateOK = FALSE
/\ changes = 1
/\ status = "working"
/\ srvUp = TRUE

State 8: <Tick line 225, col 3 to line 226, col 173 of module AgentLifecycle>
/\ proc = "exited"
/\ restartWD = FALSE
/\ trSeen = FALSE
/\ requests = 0
/\ moved = FALSE
/\ moveWD = FALSE
/\ faults = 0
/\ ctlGen = 0
/\ settingsStale = TRUE
/\ asks = 0
/\ prompts = 1
/\ badKill = "none"
/\ exits = 1
/\ hookQ = <<>>
/\ tr = "finished"
/\ crashes = 1
/\ rateOK = TRUE
/\ changes = 1
/\ status = "working"
/\ srvUp = TRUE

Back to state 7: <Reconcile line 271, col 3 to line 276, col 78 of module AgentLifecycle>

Finished checking temporal properties in 00s at 2026-09-28 06:23:07
3923 states generated, 1080 distinct states found, 0 states left on queue.
Finished in 00s at (2026-09-28 06:23:07)
