TLC2 Version 2.19 of 08 August 2024 (rev: 5a47802)
Running breadth-first search Model-Checking with fp 101 and seed 7490750614023034195 with 10 workers on 10 cores with 14564MB heap and 64MB offheap memory [pid: 91764] (Mac OS X 14.5 aarch64, Homebrew 17.0.19 x86_64, MSBDiskFPSet, DiskStateQueue).
Parsing file /Users/mariogarrido/taskboard/formal/tla/AgentLifecycle.tla
Parsing file /private/var/folders/cz/_lh4d7h151zg6qwyqggqjyl80000gn/T/Naturals.tla
Parsing file /private/var/folders/cz/_lh4d7h151zg6qwyqggqjyl80000gn/T/Sequences.tla
Parsing file /private/var/folders/cz/_lh4d7h151zg6qwyqggqjyl80000gn/T/TLC.tla
Parsing file /private/var/folders/cz/_lh4d7h151zg6qwyqggqjyl80000gn/T/FiniteSets.tla
Semantic processing of module Naturals
Semantic processing of module Sequences
Semantic processing of module FiniteSets
Semantic processing of module TLC
Semantic processing of module AgentLifecycle
Starting... (2026-09-28 06:23:08)
Implied-temporal checking--satisfiability problem has 1 branches.
Computing initial states...
Finished computing initial states: 1 distinct state generated at 2026-09-28 06:23:08.
Progress(21) at 2026-09-28 06:23:08: 3,923 states generated, 1,080 distinct states found, 0 states left on queue.
Checking temporal properties for the complete state space with 1080 total distinct states at (2026-09-28 06:23:08)
Finished checking temporal properties in 00s at 2026-09-28 06:23:08
Model checking completed. No error has been found.
  Estimates of the probability that TLC did not check all reachable states
  because two distinct states had the same fingerprint:
  calculated (optimistic):  val = 1.7E-13
3923 states generated, 1080 distinct states found, 0 states left on queue.
The depth of the complete state graph search is 21.
The average outdegree of the complete state graph is 1 (minimum is 0, the maximum 6 and the 95th percentile is 3).
Finished in 00s at (2026-09-28 06:23:08)
