TLC2 Version 2.19 of 08 August 2024 (rev: 5a47802)
Running breadth-first search Model-Checking with fp 53 and seed -7800314596763508301 with 10 workers on 10 cores with 14564MB heap and 64MB offheap memory [pid: 99357] (Mac OS X 14.5 aarch64, Homebrew 17.0.19 x86_64, MSBDiskFPSet, DiskStateQueue).
Parsing file /Users/mariogarrido/taskboard/formal/tla/Approvals.tla
Parsing file /private/var/folders/cz/_lh4d7h151zg6qwyqggqjyl80000gn/T/Naturals.tla
Semantic processing of module Naturals
Semantic processing of module Approvals
Starting... (2026-09-28 06:29:25)
Computing initial states...
Finished computing initial states: 1 distinct state generated at 2026-09-28 06:29:25.
Error: Invariant AtMostOncePerIntent is violated.
Error: The behavior up to this point is:
State 1: <Initial predicate>
/\ deniedEver = <<FALSE, FALSE>>
/\ bypassed = FALSE
/\ clicks = 0
/\ crashes = 0
/\ pre = <<0, 0>>
/\ errEver = <<FALSE, FALSE>>
/\ cid = 0
/\ execs = <<0, 0>>
/\ nextId = 1
/\ appr = <<"absent", "absent">>
/\ srvUp = TRUE
/\ client = "idle"
/\ post = <<0, 0>>

State 2: <Request line 75, col 3 to line 80, col 81 of module Approvals>
/\ deniedEver = <<FALSE, FALSE>>
/\ bypassed = FALSE
/\ clicks = 0
/\ crashes = 0
/\ pre = <<0, 0>>
/\ errEver = <<FALSE, FALSE>>
/\ cid = 1
/\ execs = <<0, 0>>
/\ nextId = 2
/\ appr = <<"pending", "absent">>
/\ srvUp = TRUE
/\ client = "waiting"
/\ post = <<0, 0>>

State 3: <ClientTimeout line 136, col 3 to line 138, col 100 of module Approvals>
/\ deniedEver = <<FALSE, FALSE>>
/\ bypassed = FALSE
/\ clicks = 0
/\ crashes = 0
/\ pre = <<0, 0>>
/\ errEver = <<TRUE, FALSE>>
/\ cid = 1
/\ execs = <<0, 0>>
/\ nextId = 2
/\ appr = <<"pending", "absent">>
/\ srvUp = TRUE
/\ client = "error"
/\ post = <<0, 0>>

State 4: <Retry line 142, col 3 to line 144, col 109 of module Approvals>
/\ deniedEver = <<FALSE, FALSE>>
/\ bypassed = FALSE
/\ clicks = 0
/\ crashes = 0
/\ pre = <<0, 0>>
/\ errEver = <<TRUE, FALSE>>
/\ cid = 1
/\ execs = <<0, 0>>
/\ nextId = 2
/\ appr = <<"pending", "absent">>
/\ srvUp = TRUE
/\ client = "idle"
/\ post = <<0, 0>>

State 5: <Request line 75, col 3 to line 80, col 81 of module Approvals>
/\ deniedEver = <<FALSE, FALSE>>
/\ bypassed = FALSE
/\ clicks = 0
/\ crashes = 0
/\ pre = <<0, 0>>
/\ errEver = <<TRUE, FALSE>>
/\ cid = 2
/\ execs = <<0, 0>>
/\ nextId = 3
/\ appr = <<"pending", "pending">>
/\ srvUp = TRUE
/\ client = "waiting"
/\ post = <<0, 0>>

State 6: <ClientTimeout line 136, col 3 to line 138, col 100 of module Approvals>
/\ deniedEver = <<FALSE, FALSE>>
/\ bypassed = FALSE
/\ clicks = 0
/\ crashes = 0
/\ pre = <<0, 0>>
/\ errEver = <<TRUE, TRUE>>
/\ cid = 2
/\ execs = <<0, 0>>
/\ nextId = 3
/\ appr = <<"pending", "pending">>
/\ srvUp = TRUE
/\ client = "error"
/\ post = <<0, 0>>

State 7: <Approve line 92, col 3 to line 96, col 98 of module Approvals>
/\ deniedEver = <<FALSE, FALSE>>
/\ bypassed = FALSE
/\ clicks = 1
/\ crashes = 0
/\ pre = <<1, 0>>
/\ errEver = <<TRUE, TRUE>>
/\ cid = 2
/\ execs = <<0, 0>>
/\ nextId = 3
/\ appr = <<"pending", "pending">>
/\ srvUp = TRUE
/\ client = "error"
/\ post = <<0, 0>>

State 8: <Effect line 106, col 3 to line 108, col 99 of module Approvals>
/\ deniedEver = <<FALSE, FALSE>>
/\ bypassed = FALSE
/\ clicks = 1
/\ crashes = 0
/\ pre = <<0, 0>>
/\ errEver = <<TRUE, TRUE>>
/\ cid = 2
/\ execs = <<1, 0>>
/\ nextId = 3
/\ appr = <<"pending", "pending">>
/\ srvUp = TRUE
/\ client = "error"
/\ post = <<1, 0>>

State 9: <Approve line 92, col 3 to line 96, col 98 of module Approvals>
/\ deniedEver = <<FALSE, FALSE>>
/\ bypassed = FALSE
/\ clicks = 2
/\ crashes = 0
/\ pre = <<0, 1>>
/\ errEver = <<TRUE, TRUE>>
/\ cid = 2
/\ execs = <<1, 0>>
/\ nextId = 3
/\ appr = <<"pending", "pending">>
/\ srvUp = TRUE
/\ client = "error"
/\ post = <<1, 0>>

State 10: <Effect line 106, col 3 to line 108, col 99 of module Approvals>
/\ deniedEver = <<FALSE, FALSE>>
/\ bypassed = FALSE
/\ clicks = 2
/\ crashes = 0
/\ pre = <<0, 0>>
/\ errEver = <<TRUE, TRUE>>
/\ cid = 2
/\ execs = <<1, 1>>
/\ nextId = 3
/\ appr = <<"pending", "pending">>
/\ srvUp = TRUE
/\ client = "error"
/\ post = <<1, 1>>

653 states generated, 322 distinct states found, 90 states left on queue.
The depth of the complete state graph search is 11.
The average outdegree of the complete state graph is 1 (minimum is 0, the maximum 6 and the 95th percentile is 4).
Finished in 00s at (2026-09-28 06:29:25)
