TLC2 Version 2.19 of 08 August 2024 (rev: 5a47802)
Running breadth-first search Model-Checking with fp 110 and seed 8967996588162729580 with 10 workers on 10 cores with 14564MB heap and 64MB offheap memory [pid: 95708] (Mac OS X 14.5 aarch64, Homebrew 17.0.19 x86_64, MSBDiskFPSet, DiskStateQueue).
Parsing file /Users/mariogarrido/taskboard/formal/tla/Approvals.tla
Parsing file /private/var/folders/cz/_lh4d7h151zg6qwyqggqjyl80000gn/T/Naturals.tla
Semantic processing of module Naturals
Semantic processing of module Approvals
Starting... (2026-09-28 06:26:18)
Implied-temporal checking--satisfiability problem has 2 branches.
Computing initial states...
Finished computing initial states: 1 distinct state generated at 2026-09-28 06:26:18.
Progress(14) at 2026-09-28 06:26:18: 1,855 states generated, 858 distinct states found, 0 states left on queue.
Checking 2 branches of temporal properties for the complete state space with 1716 total distinct states at (2026-09-28 06:26:18)
Finished checking temporal properties in 00s at 2026-09-28 06:26:18
Model checking completed. No error has been found.
  Estimates of the probability that TLC did not check all reachable states
  because two distinct states had the same fingerprint:
  calculated (optimistic):  val = 4.6E-14
1855 states generated, 858 distinct states found, 0 states left on queue.
The depth of the complete state graph search is 14.
The average outdegree of the complete state graph is 1 (minimum is 0, the maximum 7 and the 95th percentile is 3).
Finished in 00s at (2026-09-28 06:26:18)
