TLC2 Version 2.19 of 08 August 2024 (rev: 5a47802)
Running breadth-first search Model-Checking with fp 93 and seed 3709051611761727073 with 10 workers on 10 cores with 14564MB heap and 64MB offheap memory [pid: 83044] (Mac OS X 14.5 aarch64, Homebrew 17.0.19 x86_64, MSBDiskFPSet, DiskStateQueue).
Parsing file /Users/mariogarrido/taskboard/formal/tla/Release.tla
Parsing file /private/var/folders/cz/_lh4d7h151zg6qwyqggqjyl80000gn/T/Naturals.tla
Semantic processing of module Naturals
Semantic processing of module Release
Starting... (2026-09-28 06:15:52)
Implied-temporal checking--satisfiability problem has 1 branches.
Computing initial states...
Computed 2 initial states...
Finished computing initial states: 3 distinct states generated at 2026-09-28 06:15:52.
Progress(8) at 2026-09-28 06:15:52: 48 states generated, 36 distinct states found, 0 states left on queue.
Checking temporal properties for the complete state space with 36 total distinct states at (2026-09-28 06:15:52)
Error: Temporal properties were violated.

Error: The following behavior constitutes a counter-example:

State 1: <Initial predicate>
/\ lastGood = "A"
/\ fails = 0
/\ quality = [A |-> "good", B |-> "badLate"]
/\ srv = "up"
/\ app = "A"
/\ script = "idle"
/\ srvRel = "A"

State 2: <Switch line 72, col 11 to line 72, col 118 of module Release>
/\ lastGood = "A"
/\ fails = 0
/\ quality = [A |-> "good", B |-> "badLate"]
/\ srv = "up"
/\ app = "B"
/\ script = "switched"
/\ srvRel = "A"

State 3: <Kick line 74, col 19 to line 74, col 119 of module Release>
/\ lastGood = "A"
/\ fails = 0
/\ quality = [A |-> "good", B |-> "badLate"]
/\ srv = "down"
/\ app = "B"
/\ script = "restarted"
/\ srvRel = "A"

State 4: <LaunchdStart line 49, col 3 to line 53, col 49 of module Release>
/\ lastGood = "A"
/\ fails = 0
/\ quality = [A |-> "good", B |-> "badLate"]
/\ srv = "up"
/\ app = "B"
/\ script = "restarted"
/\ srvRel = "B"

State 5: <WaitOK line 76, col 11 to line 76, col 140 of module Release>
/\ lastGood = "A"
/\ fails = 0
/\ quality = [A |-> "good", B |-> "badLate"]
/\ srv = "up"
/\ app = "B"
/\ script = "done"
/\ srvRel = "B"

State 6: <LateCrash line 56, col 3 to line 59, col 57 of module Release>
/\ lastGood = "A"
/\ fails = 0
/\ quality = [A |-> "good", B |-> "badLate"]
/\ srv = "down"
/\ app = "B"
/\ script = "done"
/\ srvRel = "B"

Back to state 5: <LaunchdStart line 49, col 3 to line 53, col 49 of module Release>

Finished checking temporal properties in 00s at 2026-09-28 06:15:52
48 states generated, 36 distinct states found, 0 states left on queue.
Finished in 00s at (2026-09-28 06:15:52)
