TLC2 Version 2.19 of 08 August 2024 (rev: 5a47802)
Running breadth-first search Model-Checking with fp 26 and seed -2048139348583212103 with 10 workers on 10 cores with 14564MB heap and 64MB offheap memory [pid: 83051] (Mac OS X 14.5 aarch64, Homebrew 17.0.19 x86_64, MSBDiskFPSet, DiskStateQueue).
Parsing file /Users/mariogarrido/taskboard/formal/tla/Release.tla
Parsing file /private/var/folders/cz/_lh4d7h151zg6qwyqggqjyl80000gn/T/Naturals.tla
Semantic processing of module Naturals
Semantic processing of module Release
Starting... (2026-09-28 06:15:53)
Implied-temporal checking--satisfiability problem has 1 branches.
Computing initial states...
Computed 2 initial states...
Finished computing initial states: 3 distinct states generated at 2026-09-28 06:15:53.
Progress(11) at 2026-09-28 06:15:53: 211 states generated, 115 distinct states found, 0 states left on queue.
Checking temporal properties for the complete state space with 115 total distinct states at (2026-09-28 06:15:53)
Finished checking temporal properties in 00s at 2026-09-28 06:15:53
Model checking completed. No error has been found.
  Estimates of the probability that TLC did not check all reachable states
  because two distinct states had the same fingerprint:
  calculated (optimistic):  val = 6.0E-16
211 states generated, 115 distinct states found, 0 states left on queue.
The depth of the complete state graph search is 11.
The average outdegree of the complete state graph is 1 (minimum is 0, the maximum 3 and the 95th percentile is 3).
Finished in 00s at (2026-09-28 06:15:53)
