TLC2 Version 2.19 of 08 August 2024 (rev: 5a47802)
Running breadth-first search Model-Checking with fp 123 and seed 8318592777898112245 with 10 workers on 10 cores with 14564MB heap and 64MB offheap memory [pid: 81224] (Mac OS X 14.5 aarch64, Homebrew 17.0.19 x86_64, MSBDiskFPSet, DiskStateQueue).
Parsing file /Users/mariogarrido/taskboard/formal/tla/ServerInstance.tla
Parsing file /private/var/folders/cz/_lh4d7h151zg6qwyqggqjyl80000gn/T/Naturals.tla
Parsing file /private/var/folders/cz/_lh4d7h151zg6qwyqggqjyl80000gn/T/FiniteSets.tla
Parsing file /private/var/folders/cz/_lh4d7h151zg6qwyqggqjyl80000gn/T/TLC.tla
Parsing file /private/var/folders/cz/_lh4d7h151zg6qwyqggqjyl80000gn/T/Sequences.tla
Semantic processing of module Naturals
Semantic processing of module Sequences
Semantic processing of module FiniteSets
Semantic processing of module TLC
Semantic processing of module ServerInstance
Starting... (2026-09-28 06:14:20)
Implied-temporal checking--satisfiability problem has 1 branches.
Computing initial states...
Finished computing initial states: 1 distinct state generated at 2026-09-28 06:14:20.
Progress(20) at 2026-09-28 06:14:20: 4,345 states generated, 1,351 distinct states found, 0 states left on queue.
Checking temporal properties for the complete state space with 1351 total distinct states at (2026-09-28 06:14:20)
Error: Temporal properties were violated.

Error: The following behavior constitutes a counter-example:

State 1: <Initial predicate>
/\ manual = 0
/\ attempts = [s1 |-> 0, s2 |-> 0]
/\ pc = [s1 |-> "down", s2 |-> "down"]
/\ file = <<"none", "-">>
/\ signalledForeign = FALSE
/\ crashes = 0
/\ port = "free"
/\ staleOwner = "dead"

State 2: <ManualStart line 124, col 19 to line 124, col 96 of module ServerInstance>
/\ manual = 1
/\ attempts = [s1 |-> 0, s2 |-> 0]
/\ pc = [s1 |-> "down", s2 |-> "oldRead"]
/\ file = <<"none", "-">>
/\ signalledForeign = FALSE
/\ crashes = 0
/\ port = "free"
/\ staleOwner = "dead"

State 3: <OldRead line 128, col 3 to line 130, col 86 of module ServerInstance>
/\ manual = 1
/\ attempts = [s1 |-> 0, s2 |-> 0]
/\ pc = [s1 |-> "down", s2 |-> "oldWrite"]
/\ file = <<"none", "-">>
/\ signalledForeign = FALSE
/\ crashes = 0
/\ port = "free"
/\ staleOwner = "dead"

State 4: <OldWrite line 132, col 3 to line 135, col 80 of module ServerInstance>
/\ manual = 1
/\ attempts = [s1 |-> 0, s2 |-> 0]
/\ pc = [s1 |-> "down", s2 |-> "startup"]
/\ file = <<"s2", "f">>
/\ signalledForeign = FALSE
/\ crashes = 0
/\ port = "free"
/\ staleOwner = "dead"

State 5: <Crash line 203, col 3 to line 206, col 53 of module ServerInstance>
/\ manual = 1
/\ attempts = [s1 |-> 0, s2 |-> 0]
/\ pc = [s1 |-> "down", s2 |-> "down"]
/\ file = <<"stale", "-">>
/\ signalledForeign = FALSE
/\ crashes = 1
/\ port = "free"
/\ staleOwner = "dead"

State 6: <PidReuse line 227, col 3 to line 229, col 78 of module ServerInstance>
/\ manual = 1
/\ attempts = [s1 |-> 0, s2 |-> 0]
/\ pc = [s1 |-> "down", s2 |-> "down"]
/\ file = <<"stale", "-">>
/\ signalledForeign = FALSE
/\ crashes = 1
/\ port = "free"
/\ staleOwner = "tb"

State 7: <LaunchdStart line 123, col 17 to line 123, col 53 of module ServerInstance>
/\ manual = 1
/\ attempts = [s1 |-> 0, s2 |-> 0]
/\ pc = [s1 |-> "oldRead", s2 |-> "down"]
/\ file = <<"stale", "-">>
/\ signalledForeign = FALSE
/\ crashes = 1
/\ port = "free"
/\ staleOwner = "tb"

State 8: <ManualStart line 124, col 19 to line 124, col 96 of module ServerInstance>
/\ manual = 2
/\ attempts = [s1 |-> 0, s2 |-> 0]
/\ pc = [s1 |-> "oldRead", s2 |-> "oldRead"]
/\ file = <<"stale", "-">>
/\ signalledForeign = FALSE
/\ crashes = 1
/\ port = "free"
/\ staleOwner = "tb"

State 9: <Crash line 203, col 3 to line 206, col 53 of module ServerInstance>
/\ manual = 2
/\ attempts = [s1 |-> 0, s2 |-> 0]
/\ pc = [s1 |-> "oldRead", s2 |-> "down"]
/\ file = <<"stale", "-">>
/\ signalledForeign = FALSE
/\ crashes = 2
/\ port = "free"
/\ staleOwner = "tb"

State 10: <OldRead line 128, col 3 to line 130, col 86 of module ServerInstance>
/\ manual = 2
/\ attempts = [s1 |-> 0, s2 |-> 0]
/\ pc = [s1 |-> "down", s2 |-> "down"]
/\ file = <<"stale", "-">>
/\ signalledForeign = FALSE
/\ crashes = 2
/\ port = "free"
/\ staleOwner = "tb"

Back to state 9: <LaunchdStart line 123, col 17 to line 123, col 53 of module ServerInstance>

Finished checking temporal properties in 00s at 2026-09-28 06:14:20
4345 states generated, 1351 distinct states found, 0 states left on queue.
Finished in 00s at (2026-09-28 06:14:20)
